2026/08/30 20:25:29 [notice] 1#1: using the "epoll" event method
2026/08/30 20:25:29 [notice] 1#1: nginx/1.31.4
2026/08/30 20:25:29 [notice] 1#1: built by gcc 14.2.0 (Debian 14.2.0-19) 
2026/08/30 20:25:29 [notice] 1#1: OS: Linux 6.6.87.2-microsoft-standard-WSL2
2026/08/30 20:25:29 [notice] 1#1: getrlimit(RLIMIT_NOFILE): 1048576:1048576
2026/08/30 20:25:29 [notice] 1#1: start worker processes
2026/08/30 20:25:29 [notice] 1#1: start worker process 29
2026/08/30 20:25:29 [notice] 1#1: start worker process 30
2026/08/30 20:25:29 [notice] 1#1: start worker process 31
2026/08/30 20:25:29 [notice] 1#1: start worker process 32
2026/08/30 20:25:29 [notice] 1#1: start worker process 33
2026/08/30 20:25:29 [notice] 1#1: start worker process 34
2026/08/30 20:25:29 [notice] 1#1: start worker process 35
2026/08/30 20:25:29 [notice] 1#1: start worker process 36
2026/08/30 20:25:29 [notice] 1#1: start worker process 37
2026/08/30 20:25:29 [notice] 1#1: start worker process 38
2026/08/30 20:25:29 [notice] 1#1: start worker process 39
2026/08/30 20:25:29 [notice] 1#1: start worker process 40
2026/08/30 20:28:15 [notice] 1#1: signal 3 (SIGQUIT) received, shutting down
2026/08/30 20:28:15 [notice] 29#29: gracefully shutting down
2026/08/30 20:28:15 [notice] 30#30: gracefully shutting down
2026/08/30 20:28:15 [notice] 34#34: gracefully shutting down
2026/08/30 20:28:15 [notice] 33#33: gracefully shutting down
2026/08/30 20:28:15 [notice] 32#32: gracefully shutting down
2026/08/30 20:28:15 [notice] 36#36: gracefully shutting down
2026/08/30 20:28:15 [notice] 31#31: gracefully shutting down
2026/08/30 20:28:15 [notice] 35#35: gracefully shutting down
2026/08/30 20:28:15 [notice] 40#40: gracefully shutting down
2026/08/30 20:28:15 [notice] 37#37: gracefully shutting down
2026/08/30 20:28:15 [notice] 38#38: gracefully shutting down
2026/08/30 20:28:15 [notice] 39#39: gracefully shutting down
2026/08/30 20:28:15 [notice] 29#29: exiting
2026/08/30 20:28:15 [notice] 30#30: exiting
2026/08/30 20:28:15 [notice] 34#34: exiting
2026/08/30 20:28:15 [notice] 33#33: exiting
2026/08/30 20:28:15 [notice] 32#32: exiting
2026/08/30 20:28:15 [notice] 36#36: exiting
2026/08/30 20:28:15 [notice] 31#31: exiting
2026/08/30 20:28:15 [notice] 35#35: exiting
2026/08/30 20:28:15 [notice] 40#40: exiting
2026/08/30 20:28:15 [notice] 37#37: exiting
2026/08/30 20:28:15 [notice] 38#38: exiting
2026/08/30 20:28:15 [notice] 39#39: exiting
2026/08/30 20:28:15 [notice] 29#29: exit
2026/08/30 20:28:15 [notice] 30#30: exit
2026/08/30 20:28:15 [notice] 34#34: exit
2026/08/30 20:28:15 [notice] 33#33: exit
2026/08/30 20:28:15 [notice] 32#32: exit
2026/08/30 20:28:15 [notice] 36#36: exit
2026/08/30 20:28:15 [notice] 31#31: exit
2026/08/30 20:28:15 [notice] 35#35: exit
2026/08/30 20:28:15 [notice] 40#40: exit
2026/08/30 20:28:15 [notice] 37#37: exit
2026/08/30 20:28:15 [notice] 38#38: exit
2026/08/30 20:28:15 [notice] 39#39: exit
2026/08/30 20:28:15 [notice] 1#1: signal 17 (SIGCHLD) received from 38
2026/08/30 20:28:15 [notice] 1#1: worker process 38 exited with code 0
2026/08/30 20:28:15 [notice] 1#1: signal 29 (SIGIO) received
2026/08/30 20:28:15 [notice] 1#1: signal 17 (SIGCHLD) received from 34
2026/08/30 20:28:15 [notice] 1#1: worker process 30 exited with code 0
2026/08/30 20:28:15 [notice] 1#1: worker process 31 exited with code 0
2026/08/30 20:28:15 [notice] 1#1: worker process 32 exited with code 0
2026/08/30 20:28:15 [notice] 1#1: worker process 29 exited with code 0
2026/08/30 20:28:15 [notice] 1#1: worker process 33 exited with code 0
2026/08/30 20:28:15 [notice] 1#1: worker process 34 exited with code 0
2026/08/30 20:28:15 [notice] 1#1: worker process 35 exited with code 0
2026/08/30 20:28:15 [notice] 1#1: worker process 36 exited with code 0
2026/08/30 20:28:15 [notice] 1#1: worker process 37 exited with code 0
2026/08/30 20:28:15 [notice] 1#1: worker process 39 exited with code 0
2026/08/30 20:28:15 [notice] 1#1: worker process 40 exited with code 0
2026/08/30 20:28:15 [notice] 1#1: exit
2026/08/30 20:32:06 [notice] 1#1: using the "epoll" event method
2026/08/30 20:32:06 [notice] 1#1: nginx/1.31.4
2026/08/30 20:32:06 [notice] 1#1: built by gcc 15.2.0 (Alpine 15.2.0) 
2026/08/30 20:32:06 [notice] 1#1: OS: Linux 6.6.87.2-microsoft-standard-WSL2
2026/08/30 20:32:06 [notice] 1#1: getrlimit(RLIMIT_NOFILE): 1048576:1048576
2026/08/30 20:32:06 [notice] 1#1: start worker processes
2026/08/30 20:32:06 [notice] 1#1: start worker process 30
2026/08/30 20:32:06 [notice] 1#1: start worker process 31
2026/08/30 20:32:06 [notice] 1#1: start worker process 32
2026/08/30 20:32:06 [notice] 1#1: start worker process 33
2026/08/30 20:32:06 [notice] 1#1: start worker process 34
2026/08/30 20:32:06 [notice] 1#1: start worker process 35
2026/08/30 20:32:06 [notice] 1#1: start worker process 36
2026/08/30 20:32:06 [notice] 1#1: start worker process 37
2026/08/30 20:32:06 [notice] 1#1: start worker process 38
2026/08/30 20:32:06 [notice] 1#1: start worker process 39
2026/08/30 20:32:06 [notice] 1#1: start worker process 40
2026/08/30 20:32:06 [notice] 1#1: start worker process 41
2026/08/30 20:32:50 [error] 30#30: *1 open() "/usr/share/nginx/html/favicon.ico" failed (2: No such file or directory), client: 172.18.0.1, server: localhost, request: "GET /favicon.ico HTTP/1.1", host: "localhost:8080", referrer: "http://localhost:8080/"
2026/08/30 22:28:13 [error] 32#32: *3 open() "/usr/share/nginx/html/favicon.ico" failed (2: No such file or directory), client: 172.18.0.1, server: localhost, request: "GET /favicon.ico HTTP/1.1", host: "localhost:8080", referrer: "http://localhost:8080/"
2026/08/30 22:28:13 [error] 32#32: *3 open() "/usr/share/nginx/html/favicon.ico" failed (2: No such file or directory), client: 172.18.0.1, server: localhost, request: "GET /favicon.ico HTTP/1.1", host: "localhost:8080", referrer: "http://localhost:8080/"
2026/08/30 22:39:04 [notice] 1#1: signal 3 (SIGQUIT) received, shutting down
2026/08/30 22:39:04 [notice] 32#32: gracefully shutting down
2026/08/30 22:39:04 [notice] 33#33: gracefully shutting down
2026/08/30 22:39:04 [notice] 31#31: gracefully shutting down
2026/08/30 22:39:04 [notice] 36#36: gracefully shutting down
2026/08/30 22:39:04 [notice] 30#30: gracefully shutting down
2026/08/30 22:39:04 [notice] 38#38: gracefully shutting down
2026/08/30 22:39:04 [notice] 41#41: gracefully shutting down
2026/08/30 22:39:04 [notice] 34#34: gracefully shutting down
2026/08/30 22:39:04 [notice] 40#40: gracefully shutting down
2026/08/30 22:39:04 [notice] 39#39: gracefully shutting down
2026/08/30 22:39:04 [notice] 41#41: exiting
2026/08/30 22:39:04 [notice] 37#37: gracefully shutting down
2026/08/30 22:39:04 [notice] 35#35: gracefully shutting down
2026/08/30 22:39:04 [notice] 32#32: exiting
2026/08/30 22:39:04 [notice] 33#33: exiting
2026/08/30 22:39:04 [notice] 31#31: exiting
2026/08/30 22:39:04 [notice] 36#36: exiting
2026/08/30 22:39:04 [notice] 31#31: exit
2026/08/30 22:39:04 [notice] 30#30: exiting
2026/08/30 22:39:04 [notice] 38#38: exiting
2026/08/30 22:39:04 [notice] 30#30: exit
2026/08/30 22:39:04 [notice] 39#39: exiting
2026/08/30 22:39:04 [notice] 34#34: exiting
2026/08/30 22:39:04 [notice] 40#40: exiting
2026/08/30 22:39:04 [notice] 39#39: exit
2026/08/30 22:39:04 [notice] 37#37: exiting
2026/08/30 22:39:04 [notice] 32#32: exit
2026/08/30 22:39:04 [notice] 41#41: exit
2026/08/30 22:39:04 [notice] 35#35: exiting
2026/08/30 22:39:04 [notice] 33#33: exit
2026/08/30 22:39:04 [notice] 36#36: exit
2026/08/30 22:39:04 [notice] 38#38: exit
2026/08/30 22:39:04 [notice] 34#34: exit
2026/08/30 22:39:04 [notice] 40#40: exit
2026/08/30 22:39:04 [notice] 37#37: exit
2026/08/30 22:39:04 [notice] 35#35: exit
2026/08/30 22:39:04 [notice] 1#1: signal 17 (SIGCHLD) received from 36
2026/08/30 22:39:04 [notice] 1#1: worker process 36 exited with code 0
2026/08/30 22:39:04 [notice] 1#1: signal 29 (SIGIO) received
2026/08/30 22:39:04 [notice] 1#1: signal 17 (SIGCHLD) received from 39
2026/08/30 22:39:04 [notice] 1#1: worker process 39 exited with code 0
2026/08/30 22:39:04 [notice] 1#1: signal 29 (SIGIO) received
2026/08/30 22:39:04 [notice] 1#1: signal 17 (SIGCHLD) received from 38
2026/08/30 22:39:04 [notice] 1#1: worker process 37 exited with code 0
2026/08/30 22:39:04 [notice] 1#1: worker process 38 exited with code 0
2026/08/30 22:39:04 [notice] 1#1: worker process 41 exited with code 0
2026/08/30 22:39:04 [notice] 1#1: signal 29 (SIGIO) received
2026/08/30 22:39:04 [notice] 1#1: signal 17 (SIGCHLD) received from 30
2026/08/30 22:39:04 [notice] 1#1: worker process 30 exited with code 0
2026/08/30 22:39:04 [notice] 1#1: worker process 32 exited with code 0
2026/08/30 22:39:04 [notice] 1#1: worker process 34 exited with code 0
2026/08/30 22:39:04 [notice] 1#1: worker process 35 exited with code 0
2026/08/30 22:39:04 [notice] 1#1: worker process 40 exited with code 0
2026/08/30 22:39:04 [notice] 1#1: signal 29 (SIGIO) received
2026/08/30 22:39:04 [notice] 1#1: signal 17 (SIGCHLD) received from 35
2026/08/30 22:39:04 [notice] 1#1: worker process 31 exited with code 0
2026/08/30 22:39:04 [notice] 1#1: signal 29 (SIGIO) received
2026/08/30 22:39:04 [notice] 1#1: signal 17 (SIGCHLD) received from 31
2026/08/30 22:39:04 [notice] 1#1: signal 17 (SIGCHLD) received from 33
2026/08/30 22:39:04 [notice] 1#1: worker process 33 exited with code 0
2026/08/30 22:39:04 [notice] 1#1: exit
